172.31.9.176 - - [03/Jul/2025:21:08:56 +0000] "GET /index.html HTTP/1.1" 404 22 "-" "curl/8.4.0" "86.163.177.54, 70.132.38.100"
172.31.9.176 - - [03/Jul/2025:21:09:13 +0000] "GET /health HTTP/1.1" 404 22 "-" "curl/8.4.0" "86.163.177.54, 70.132.38.100"
172.31.32.235 - - [03/Jul/2025:21:09:23 +0000] "GET /index.html HTTP/1.1" 404 22 "-" "curl/8.4.0" "86.163.177.54, 70.132.38.71"
172.31.32.235 - - [03/Jul/2025:21:10:55 +0000] "POST /chat HTTP/1.1" 200 234 "https://d1ahgtos8kkd8y.cloudfront.net/chat/index.html" "Mozilla/5.0 (Macintosh; Intel Mac OS X 10_15_7) AppleWebKit/537.36 (KHTML, like Gecko) Chrome/137.0.0.0 Safari/537.36" "86.163.177.54, 70.132.38.102"
172.31.9.176 - - [03/Jul/2025:21:11:18 +0000] "POST /chat HTTP/1.1" 200 273 "https://d1ahgtos8kkd8y.cloudfront.net/chat/index.html" "Mozilla/5.0 (Macintosh; Intel Mac OS X 10_15_7) AppleWebKit/537.36 (KHTML, like Gecko) Chrome/137.0.0.0 Safari/537.36" "86.163.177.54, 70.132.38.43"
172.31.32.235 - - [03/Jul/2025:21:11:19 +0000] "POST /webhooks/gocardless HTTP/1.1" 200 20 "-" "gocardless-webhook-service/1.2" "35.204.214.181, 18.68.56.53"
172.31.9.176 - - [03/Jul/2025:21:11:53 +0000] "POST /chat HTTP/1.1" 200 944 "https://d1ahgtos8kkd8y.cloudfront.net/chat/index.html" "Mozilla/5.0 (Macintosh; Intel Mac OS X 10_15_7) AppleWebKit/537.36 (KHTML, like Gecko) Chrome/137.0.0.0 Safari/537.36" "86.163.177.54, 70.132.38.43"
172.31.9.176 - - [03/Jul/2025:21:12:03 +0000] "POST /chat HTTP/1.1" 200 344 "https://d1ahgtos8kkd8y.cloudfront.net/chat/index.html" "Mozilla/5.0 (Macintosh; Intel Mac OS X 10_15_7) AppleWebKit/537.36 (KHTML, like Gecko) Chrome/137.0.0.0 Safari/537.36" "86.163.177.54, 70.132.38.43"
172.31.32.235 - - [03/Jul/2025:21:12:46 +0000] "POST /chat HTTP/1.1" 200 437 "https://d1ahgtos8kkd8y.cloudfront.net/chat/index.html" "Mozilla/5.0 (Macintosh; Intel Mac OS X 10_15_7) AppleWebKit/537.36 (KHTML, like Gecko) Chrome/137.0.0.0 Safari/537.36" "86.163.177.54, 70.132.38.102"
172.31.32.235 - - [03/Jul/2025:21:13:51 +0000] "POST /upload HTTP/1.1" 200 578 "https://d1ahgtos8kkd8y.cloudfront.net/chat/index.html" "Mozilla/5.0 (Macintosh; Intel Mac OS X 10_15_7) AppleWebKit/537.36 (KHTML, like Gecko) Chrome/137.0.0.0 Safari/537.36" "86.163.177.54, 70.132.38.102"
172.31.32.235 - - [03/Jul/2025:21:25:06 +0000] "HEAD /index.html HTTP/1.1" 404 0 "-" "curl/8.4.0" "86.163.177.54, 70.132.38.71"
172.31.32.235 - - [03/Jul/2025:21:25:20 +0000] "POST /chat HTTP/1.1" 200 190 "-" "curl/8.4.0" "86.163.177.54, 70.132.38.102"
172.31.9.176 - - [03/Jul/2025:21:26:30 +0000] "POST /chat HTTP/1.1" 200 234 "https://d1ahgtos8kkd8y.cloudfront.net/chat/index.html" "Mozilla/5.0 (Macintosh; Intel Mac OS X 10_15_7) AppleWebKit/537.36 (KHTML, like Gecko) Chrome/137.0.0.0 Safari/537.36" "86.163.177.54, 70.132.38.43"
172.31.32.235 - - [03/Jul/2025:21:26:45 +0000] "POST /chat HTTP/1.1" 200 128 "https://d1ahgtos8kkd8y.cloudfront.net/chat/index.html" "Mozilla/5.0 (Macintosh; Intel Mac OS X 10_15_7) AppleWebKit/537.36 (KHTML, like Gecko) Chrome/137.0.0.0 Safari/537.36" "86.163.177.54, 70.132.38.102"
172.31.9.176 - - [03/Jul/2025:21:26:45 +0000] "POST /webhooks/gocardless HTTP/1.1" 200 20 "-" "gocardless-webhook-service/1.2" "35.204.214.181, 18.68.56.5"
172.31.9.176 - - [03/Jul/2025:21:27:01 +0000] "POST /chat HTTP/1.1" 200 475 "https://d1ahgtos8kkd8y.cloudfront.net/chat/index.html" "Mozilla/5.0 (Macintosh; Intel Mac OS X 10_15_7) AppleWebKit/537.36 (KHTML, like Gecko) Chrome/137.0.0.0 Safari/537.36" "86.163.177.54, 70.132.38.43"
172.31.32.235 - - [03/Jul/2025:21:27:20 +0000] "POST /chat HTTP/1.1" 200 1341 "https://d1ahgtos8kkd8y.cloudfront.net/chat/index.html" "Mozilla/5.0 (Macintosh; Intel Mac OS X 10_15_7) AppleWebKit/537.36 (KHTML, like Gecko) Chrome/137.0.0.0 Safari/537.36" "86.163.177.54, 70.132.38.102"
172.31.32.235 - - [03/Jul/2025:21:28:00 +0000] "POST /chat HTTP/1.1" 200 467 "https://d1ahgtos8kkd8y.cloudfront.net/chat/index.html" "Mozilla/5.0 (Macintosh; Intel Mac OS X 10_15_7) AppleWebKit/537.36 (KHTML, like Gecko) Chrome/137.0.0.0 Safari/537.36" "86.163.177.54, 70.132.38.102"
172.31.32.235 - - [03/Jul/2025:21:28:08 +0000] "GET / HTTP/1.1" 200 109 "-" "Mozilla/5.0 (iPhone; CPU iPhone OS 13_2_3 like Mac OS X) AppleWebKit/605.1.15 (KHTML, like Gecko) Version/13.0.3 Mobile/15E148 Safari/604.1" "43.157.172.39"
172.31.9.176 - - [03/Jul/2025:21:28:19 +0000] "POST /chat HTTP/1.1" 200 642 "https://d1ahgtos8kkd8y.cloudfront.net/chat/index.html" "Mozilla/5.0 (Macintosh; Intel Mac OS X 10_15_7) AppleWebKit/537.36 (KHTML, like Gecko) Chrome/137.0.0.0 Safari/537.36" "86.163.177.54, 70.132.38.43"
172.31.9.176 - - [03/Jul/2025:21:29:30 +0000] "POST /upload HTTP/1.1" 200 764 "https://d1ahgtos8kkd8y.cloudfront.net/chat/index.html" "Mozilla/5.0 (Macintosh; Intel Mac OS X 10_15_7) AppleWebKit/537.36 (KHTML, like Gecko) Chrome/137.0.0.0 Safari/537.36" "86.163.177.54, 70.132.38.43"
172.31.9.176 - - [03/Jul/2025:21:39:39 +0000] "POST /chat HTTP/1.1" 200 273 "https://d1ahgtos8kkd8y.cloudfront.net/chat/index.html" "Mozilla/5.0 (Macintosh; Intel Mac OS X 10_15_7) AppleWebKit/537.36 (KHTML, like Gecko) Chrome/137.0.0.0 Safari/537.36" "86.163.177.54, 70.132.38.43"
172.31.32.235 - - [03/Jul/2025:21:40:01 +0000] "POST /chat HTTP/1.1" 200 1027 "https://d1ahgtos8kkd8y.cloudfront.net/chat/index.html" "Mozilla/5.0 (Macintosh; Intel Mac OS X 10_15_7) AppleWebKit/537.36 (KHTML, like Gecko) Chrome/137.0.0.0 Safari/537.36" "86.163.177.54, 70.132.38.102"
172.31.32.235 - - [03/Jul/2025:21:40:12 +0000] "POST /chat HTTP/1.1" 200 152 "https://d1ahgtos8kkd8y.cloudfront.net/chat/index.html" "Mozilla/5.0 (Macintosh; Intel Mac OS X 10_15_7) AppleWebKit/537.36 (KHTML, like Gecko) Chrome/137.0.0.0 Safari/537.36" "86.163.177.54, 70.132.38.102"
172.31.9.176 - - [03/Jul/2025:21:40:18 +0000] "POST /chat HTTP/1.1" 200 155 "https://d1ahgtos8kkd8y.cloudfront.net/chat/index.html" "Mozilla/5.0 (Macintosh; Intel Mac OS X 10_15_7) AppleWebKit/537.36 (KHTML, like Gecko) Chrome/137.0.0.0 Safari/537.36" "86.163.177.54, 70.132.38.43"
172.31.32.235 - - [03/Jul/2025:21:40:33 +0000] "POST /chat HTTP/1.1" 200 245 "https://d1ahgtos8kkd8y.cloudfront.net/chat/index.html" "Mozilla/5.0 (Macintosh; Intel Mac OS X 10_15_7) AppleWebKit/537.36 (KHTML, like Gecko) Chrome/137.0.0.0 Safari/537.36" "86.163.177.54, 70.132.38.102"
172.31.9.176 - - [03/Jul/2025:21:40:41 +0000] "POST /chat HTTP/1.1" 200 297 "https://d1ahgtos8kkd8y.cloudfront.net/chat/index.html" "Mozilla/5.0 (Macintosh; Intel Mac OS X 10_15_7) AppleWebKit/537.36 (KHTML, like Gecko) Chrome/137.0.0.0 Safari/537.36" "86.163.177.54, 70.132.38.43"
172.31.32.235 - - [03/Jul/2025:21:40:45 +0000] "POST /chat HTTP/1.1" 200 312 "https://d1ahgtos8kkd8y.cloudfront.net/chat/index.html" "Mozilla/5.0 (Macintosh; Intel Mac OS X 10_15_7) AppleWebKit/537.36 (KHTML, like Gecko) Chrome/137.0.0.0 Safari/537.36" "86.163.177.54, 70.132.38.102"
172.31.9.176 - - [03/Jul/2025:21:40:53 +0000] "POST /chat HTTP/1.1" 200 238 "https://d1ahgtos8kkd8y.cloudfront.net/chat/index.html" "Mozilla/5.0 (Macintosh; Intel Mac OS X 10_15_7) AppleWebKit/537.36 (KHTML, like Gecko) Chrome/137.0.0.0 Safari/537.36" "86.163.177.54, 70.132.38.43"
172.31.32.235 - - [03/Jul/2025:21:41:31 +0000] "POST /chat HTTP/1.1" 200 275 "https://d1ahgtos8kkd8y.cloudfront.net/chat/index.html" "Mozilla/5.0 (Macintosh; Intel Mac OS X 10_15_7) AppleWebKit/537.36 (KHTML, like Gecko) Chrome/137.0.0.0 Safari/537.36" "86.163.177.54, 70.132.38.102"
172.31.9.176 - - [03/Jul/2025:21:41:39 +0000] "POST /chat HTTP/1.1" 200 270 "https://d1ahgtos8kkd8y.cloudfront.net/chat/index.html" "Mozilla/5.0 (Macintosh; Intel Mac OS X 10_15_7) AppleWebKit/537.36 (KHTML, like Gecko) Chrome/137.0.0.0 Safari/537.36" "86.163.177.54, 70.132.38.43"
172.31.32.235 - - [03/Jul/2025:21:41:47 +0000] "POST /chat HTTP/1.1" 200 297 "https://d1ahgtos8kkd8y.cloudfront.net/chat/index.html" "Mozilla/5.0 (Macintosh; Intel Mac OS X 10_15_7) AppleWebKit/537.36 (KHTML, like Gecko) Chrome/137.0.0.0 Safari/537.36" "86.163.177.54, 70.132.38.102"
172.31.9.176 - - [03/Jul/2025:21:41:53 +0000] "POST /chat HTTP/1.1" 200 355 "https://d1ahgtos8kkd8y.cloudfront.net/chat/index.html" "Mozilla/5.0 (Macintosh; Intel Mac OS X 10_15_7) AppleWebKit/537.36 (KHTML, like Gecko) Chrome/137.0.0.0 Safari/537.36" "86.163.177.54, 70.132.38.43"
172.31.9.176 - - [03/Jul/2025:21:41:54 +0000] "GET / HTTP/1.1" 200 109 "-" "Mozilla/5.0 (compatible; InternetMeasurement/1.0; +https://internet-measurement.com/)" "87.236.176.93"
172.31.9.176 - - [03/Jul/2025:21:42:09 +0000] "POST /chat HTTP/1.1" 200 200 "https://d1ahgtos8kkd8y.cloudfront.net/chat/index.html" "Mozilla/5.0 (Macintosh; Intel Mac OS X 10_15_7) AppleWebKit/537.36 (KHTML, like Gecko) Chrome/137.0.0.0 Safari/537.36" "86.163.177.54, 70.132.38.43"
172.31.32.235 - - [03/Jul/2025:21:42:16 +0000] "POST /chat HTTP/1.1" 200 237 "https://d1ahgtos8kkd8y.cloudfront.net/chat/index.html" "Mozilla/5.0 (Macintosh; Intel Mac OS X 10_15_7) AppleWebKit/537.36 (KHTML, like Gecko) Chrome/137.0.0.0 Safari/537.36" "86.163.177.54, 70.132.38.102"
172.31.32.235 - - [03/Jul/2025:21:42:24 +0000] "POST /chat HTTP/1.1" 200 194 "https://d1ahgtos8kkd8y.cloudfront.net/chat/index.html" "Mozilla/5.0 (Macintosh; Intel Mac OS X 10_15_7) AppleWebKit/537.36 (KHTML, like Gecko) Chrome/137.0.0.0 Safari/537.36" "86.163.177.54, 70.132.38.102"
172.31.9.176 - - [03/Jul/2025:21:42:33 +0000] "POST /chat HTTP/1.1" 200 187 "https://d1ahgtos8kkd8y.cloudfront.net/chat/index.html" "Mozilla/5.0 (Macintosh; Intel Mac OS X 10_15_7) AppleWebKit/537.36 (KHTML, like Gecko) Chrome/137.0.0.0 Safari/537.36" "86.163.177.54, 70.132.38.43"
172.31.32.235 - - [03/Jul/2025:21:42:43 +0000] "POST /chat HTTP/1.1" 200 994 "https://d1ahgtos8kkd8y.cloudfront.net/chat/index.html" "Mozilla/5.0 (Macintosh; Intel Mac OS X 10_15_7) AppleWebKit/537.36 (KHTML, like Gecko) Chrome/137.0.0.0 Safari/537.36" "86.163.177.54, 70.132.38.102"
172.31.32.235 - - [03/Jul/2025:21:43:10 +0000] "POST /chat HTTP/1.1" 200 746 "https://d1ahgtos8kkd8y.cloudfront.net/chat/index.html" "Mozilla/5.0 (Macintosh; Intel Mac OS X 10_15_7) AppleWebKit/537.36 (KHTML, like Gecko) Chrome/137.0.0.0 Safari/537.36" "86.163.177.54, 70.132.38.102"
172.31.32.235 - - [03/Jul/2025:21:43:35 +0000] "GET / HTTP/1.1" 200 84 "-" "curl/7.29.0" "118.193.65.175"
172.31.32.235 - - [03/Jul/2025:21:44:04 +0000] "GET / HTTP/1.1" 200 109 "-" "Mozilla/5.0 (X11; Linux x86_64) AppleWebKit/592.47 (KHTML, like Gecko) Chrome/83.0.93 Safari/537.36" "101.36.106.134"
172.31.32.235 - - [03/Jul/2025:21:44:05 +0000] "GET /favicon.ico HTTP/1.1" 404 53 "-" "Go-http-client/1.1" "101.36.106.134"
172.31.32.235 - - [03/Jul/2025:21:44:05 +0000] "GET /sitemap.xml HTTP/1.1" 404 53 "-" "Go-http-client/1.1" "101.36.106.134"
172.31.32.235 - - [03/Jul/2025:21:44:05 +0000] "GET /robots.txt HTTP/1.1" 404 53 "-" "Go-http-client/1.1" "101.36.106.134"
